// Jest Snapshot v1, https://goo.gl/fbAQLP

exports[`components should render a Currencies 1`] = `<Connect(Currencies) />`;
