// Jest Snapshot v1, https://goo.gl/fbAQLP

exports[`components should render a CurrenciesInfo 1`] = `<Connect(CurrenciesInfo) />`;
