// Jest Snapshot v1, https://goo.gl/fbAQLP

exports[`components should render a Header 1`] = `<Header />`;
