// Jest Snapshot v1, https://goo.gl/fbAQLP

exports[`components should render a CryptoWidget 1`] = `<CryptoWidget />`;
